// Jest Snapshot v1, https://goo.gl/fbAQLP

exports[`Icon should render correctly 1`] = `
<img
  className="icon-class "
  onClick={[Function]}
  onMouseEnter={[Function]}
  onMouseLeave={[Function]}
  title=""
/>
`;
