// Jest Snapshot v1, https://goo.gl/fbAQLP

exports[`Dot tests Dot should render correctly 1`] = `
<span
  className="dot"
  style={
    Object {
      "backgroundColor": "#fff",
    }
  }
/>
`;
